
 ⛅️ wrangler 4.147.0
────────────────────
[custom build] Running: node scripts/build_dashboard.cjs
[custom build] static dashboard built; fallback timestamp: 2026-10-02T20:29:11.463Z
[custom build]
🌀 Building list of assets...
✨ Read 1 file from the assets directory /Users/nick/CascadeProjects/backpack_grid/cloudflare/public
🌀 Starting asset upload...
🌀 Found 1 new or modified static asset to upload. Proceeding with upload...
+ /index.html
Uploaded 1 of 1 asset
✨ Success! Uploaded 1 file (1.64 sec)

Total Upload: 4.35 KiB / gzip: 1.68 KiB
Worker Startup Time: 2 ms
Your Worker has access to the following bindings:
Binding                                           Resource
env.LIKES (LikeCounter)                           Durable Object
env.DASH (40e078ae20c84612bce7ddfb711f7992)       KV Namespace

Uploaded backpack-grid-dashboard (10.80 sec)
Deployed backpack-grid-dashboard triggers (4.58 sec)
  https://backpack-grid-dashboard.oxtiger.workers.dev
  grid.terryso.dev (custom domain)
Current Version ID: a561c84b-ac81-49d3-9b4f-4ea69ad0cfa0
